------------------------------------------------------------
Timing Analyzer Summary
------------------------------------------------------------

Type  : Slow 1200mV 85C Model Setup 'vga640x480:display|h_count[5]'
Slack : -6.733
TNS   : -13.020

Type  : Slow 1200mV 85C Model Setup 'pix_stb'
Slack : -4.810
TNS   : -12.143

Type  : Slow 1200mV 85C Model Setup 'CLK'
Slack : -3.920
TNS   : -59.644

Type  : Slow 1200mV 85C Model Hold 'vga640x480:display|h_count[5]'
Slack : 0.203
TNS   : 0.000

Type  : Slow 1200mV 85C Model Hold 'CLK'
Slack : 0.454
TNS   : 0.000

Type  : Slow 1200mV 85C Model Hold 'pix_stb'
Slack : 0.900
TNS   : 0.000

Type  : Slow 1200mV 85C Model Minimum Pulse Width 'CLK'
Slack : -3.000
TNS   : -35.714

Type  : Slow 1200mV 85C Model Minimum Pulse Width 'pix_stb'
Slack : -1.487
TNS   : -5.948

Type  : Slow 1200mV 85C Model Minimum Pulse Width 'vga640x480:display|h_count[5]'
Slack : 0.172
TNS   : 0.000

Type  : Slow 1200mV 0C Model Setup 'vga640x480:display|h_count[5]'
Slack : -6.446
TNS   : -12.455

Type  : Slow 1200mV 0C Model Setup 'pix_stb'
Slack : -4.450
TNS   : -11.226

Type  : Slow 1200mV 0C Model Setup 'CLK'
Slack : -3.540
TNS   : -53.770

Type  : Slow 1200mV 0C Model Hold 'vga640x480:display|h_count[5]'
Slack : 0.036
TNS   : 0.000

Type  : Slow 1200mV 0C Model Hold 'CLK'
Slack : 0.402
TNS   : 0.000

Type  : Slow 1200mV 0C Model Hold 'pix_stb'
Slack : 0.787
TNS   : 0.000

Type  : Slow 1200mV 0C Model Minimum Pulse Width 'CLK'
Slack : -3.000
TNS   : -35.714

Type  : Slow 1200mV 0C Model Minimum Pulse Width 'pix_stb'
Slack : -1.487
TNS   : -5.948

Type  : Slow 1200mV 0C Model Minimum Pulse Width 'vga640x480:display|h_count[5]'
Slack : 0.042
TNS   : 0.000

Type  : Fast 1200mV 0C Model Setup 'vga640x480:display|h_count[5]'
Slack : -2.791
TNS   : -5.338

Type  : Fast 1200mV 0C Model Setup 'pix_stb'
Slack : -1.692
TNS   : -3.685

Type  : Fast 1200mV 0C Model Setup 'CLK'
Slack : -1.144
TNS   : -17.345

Type  : Fast 1200mV 0C Model Hold 'vga640x480:display|h_count[5]'
Slack : 0.175
TNS   : 0.000

Type  : Fast 1200mV 0C Model Hold 'CLK'
Slack : 0.187
TNS   : 0.000

Type  : Fast 1200mV 0C Model Hold 'pix_stb'
Slack : 0.347
TNS   : 0.000

Type  : Fast 1200mV 0C Model Minimum Pulse Width 'CLK'
Slack : -3.000
TNS   : -25.832

Type  : Fast 1200mV 0C Model Minimum Pulse Width 'pix_stb'
Slack : -1.000
TNS   : -4.000

Type  : Fast 1200mV 0C Model Minimum Pulse Width 'vga640x480:display|h_count[5]'
Slack : 0.407
TNS   : 0.000

------------------------------------------------------------
